
> vite_react_shadcn_ts@0.0.0 build
> vite build

[36mvite v5.4.19 [32mbuilding for production...[36m[39m
transforming...
node.exe : 
Browserslist: 
browsers data 
(caniuse-lite) is 6 
months old. Please 
run:
At line:1 char:1
+ & "C:\Program File
s\nodejs/node.exe" "
C:\Users\ahmad\AppDa
ta\Roaming\ ...
+ ~~~~~~~~~~~~~~~~~~
~~~~~~~~~~~~~~~~~~~~
~~~~~~~~~~~~~~~~~~~~
~~~~~~~~~~~
    + CategoryInfo  
            : NotS  
  pecified: (Brow   
 serslist: b...l    
d. Please run::    
String) [], Rem    
oteException
    + FullyQualifie 
   dErrorId : Nati  
  veCommandError
 
  npx update-browser
slist-db@latest
  Why you should do 
it regularly: https:
//github.com/browser
slist/update-db#read
me
[32mΓ£ô[39m 3432 modules transformed.
rendering chunks...
[1m[33m[plugin:vit
e:reporter][39m[22
m [33m[plugin 
vite:reporter] 
(!) C:/Users/ahmad/D
ownloads/lovable-pro
ject-87547378-a989-4
08f-806c-d7f0d5cf101
9-2025-12-14/node_mo
dules/@capacitor/cor
e/dist/index.js is 
dynamically 
imported by C:/Users
/ahmad/Downloads/lov
able-project-8754737
8-a989-408f-806c-d7f
0d5cf1019-2025-12-14
/src/app/shared/Sign
upSuccess.tsx but 
also statically 
imported by C:/Users
/ahmad/Downloads/lov
able-project-8754737
8-a989-408f-806c-d7f
0d5cf1019-2025-12-14
/node_modules/@capac
itor/camera/dist/esm
/index.js, C:/Users/
ahmad/Downloads/lova
ble-project-87547378
-a989-408f-806c-d7f0
d5cf1019-2025-12-14/
node_modules/@capaci
tor/camera/dist/esm/
web.js, C:/Users/ahm
ad/Downloads/lovable
-project-87547378-a9
89-408f-806c-d7f0d5c
f1019-2025-12-14/nod
e_modules/@capacitor
/geolocation/dist/es
m/index.js, C:/Users
/ahmad/Downloads/lov
able-project-8754737
8-a989-408f-806c-d7f
0d5cf1019-2025-12-14
/node_modules/@capac
itor/geolocation/dis
t/esm/web.js, C:/Use
rs/ahmad/Downloads/l
ovable-project-87547
378-a989-408f-806c-d
7f0d5cf1019-2025-12-
14/node_modules/@cap
acitor/haptics/dist/
esm/index.js, C:/Use
rs/ahmad/Downloads/l
ovable-project-87547
378-a989-408f-806c-d
7f0d5cf1019-2025-12-
14/node_modules/@cap
acitor/haptics/dist/
esm/web.js, C:/Users
/ahmad/Downloads/lov
able-project-8754737
8-a989-408f-806c-d7f
0d5cf1019-2025-12-14
/node_modules/@capac
itor/push-notificati
ons/dist/esm/index.j
s, C:/Users/ahmad/Do
wnloads/lovable-proj
ect-87547378-a989-40
8f-806c-d7f0d5cf1019
-2025-12-14/src/comp
onents/mobile/PhotoP
roofModal.tsx, 
dynamic import will 
not move module 
into another chunk.
[39m
[1m[33m[plugin:vit
e:reporter][39m[22
m [33m[plugin 
vite:reporter] 
(!) C:/Users/ahmad/D
ownloads/lovable-pro
ject-87547378-a989-4
08f-806c-d7f0d5cf101
9-2025-12-14/src/lib
/validationSchemas.t
s is dynamically 
imported by C:/Users
/ahmad/Downloads/lov
able-project-8754737
8-a989-408f-806c-d7f
0d5cf1019-2025-12-14
/src/pages/Contact.t
sx but also 
statically imported 
by C:/Users/ahmad/Do
wnloads/lovable-proj
ect-87547378-a989-40
8f-806c-d7f0d5cf1019
-2025-12-14/src/app/
buyer/requests/PostR
equest.tsx, C:/Users
/ahmad/Downloads/lov
able-project-8754737
8-a989-408f-806c-d7f
0d5cf1019-2025-12-14
/src/app/onboarding/
Signup.tsx, C:/Users
/ahmad/Downloads/lov
able-project-8754737
8-a989-408f-806c-d7f
0d5cf1019-2025-12-14
/src/components/Mess
agingPanel.tsx, 
dynamic import will 
not move module 
into another chunk.
[39m
[1m[33m[plugin:vit
e:reporter][39m[22
m [33m[plugin 
vite:reporter] 
(!) C:/Users/ahmad/D
ownloads/lovable-pro
ject-87547378-a989-4
08f-806c-d7f0d5cf101
9-2025-12-14/node_mo
dules/@capacitor/cam
era/dist/esm/index.j
s is dynamically 
imported by C:/Users
/ahmad/Downloads/lov
able-project-8754737
8-a989-408f-806c-d7f
0d5cf1019-2025-12-14
/src/components/mobi
le/PhotoProofModal.t
sx, C:/Users/ahmad/D
ownloads/lovable-pro
ject-87547378-a989-4
08f-806c-d7f0d5cf101
9-2025-12-14/src/com
ponents/mobile/Photo
ProofModal.tsx but 
also statically 
imported by C:/Users
/ahmad/Downloads/lov
able-project-8754737
8-a989-408f-806c-d7f
0d5cf1019-2025-12-14
/src/app/buyer/reque
sts/PostRequest.tsx,
 C:/Users/ahmad/Down
loads/lovable-projec
t-87547378-a989-408f
-806c-d7f0d5cf1019-2
025-12-14/src/app/se
ller/profile/Portfol
ioGallery.tsx, C:/Us
ers/ahmad/Downloads/
lovable-project-8754
7378-a989-408f-806c-
d7f0d5cf1019-2025-12
-14/src/app/shared/P
ermissionCamera.tsx,
 dynamic import 
will not move 
module into another 
chunk.
[39m
computing gzip size...
[2mdist/[22m[32mindex.html                 [39m[1m[2m    9.18 kB[22m[1m[22m[2m Γöé gzip:     3.02 kB[22m
[2mdist/[22m[35massets/index-QiRf2L5c.css  [39m[1m[2m  225.35 kB[22m[1m[22m[2m Γöé gzip:    31.70 kB[22m
[2mdist/[22m[36massets/web-BbN7EtQo.js     [39m[1m[2m    0.90 kB[22m[1m[22m[2m Γöé gzip:     0.47 kB[22m
[2mdist/[22m[36massets/web-DHM4YT94.js     [39m[1m[2m    0.94 kB[22m[1m[22m[2m Γöé gzip:     0.47 kB[22m
[2mdist/[22m[36massets/index-BCMgQPJP.js   [39m[1m[33m4,248.36 kB[39m[22m[2m Γöé gzip: 1,174.21 kB[22m
[33m
(!) Some chunks are 
larger than 500 kB 
after minification. 
Consider:
- Using dynamic 
import() to 
code-split the 
application
- Use build.rollupOp
tions.output.manualC
hunks to improve 
chunking: https://ro
llupjs.org/configura
tion-options/#output
-manualchunks
- Adjust chunk size 
limit for this 
warning via build.ch
unkSizeWarningLimit.
[39m
[32mΓ£ô built in 11.01s[39m
